#0 building with "default" instance using docker driver

#1 [internal] load build definition from Dockerfile
#1 transferring dockerfile: 163B 0.0s done
#1 DONE 0.1s

#2 [internal] load metadata for docker.io/library/python:3.9
#2 DONE 3.7s

#3 [internal] load .dockerignore
#3 transferring context: 2B done
#3 DONE 0.0s

#4 [internal] load build context
#4 DONE 0.0s

#5 [1/4] FROM docker.io/library/python:3.9@sha256:da5aee29682d12a6649f51c8d6f15b87deb3e6c524b923c41d0cb3304d07c913
#5 resolve docker.io/library/python:3.9@sha256:da5aee29682d12a6649f51c8d6f15b87deb3e6c524b923c41d0cb3304d07c913 0.1s done
#5 DONE 0.1s

#4 [internal] load build context
#4 transferring context: 228.66kB 0.5s done
#4 DONE 0.5s

#6 [2/4] WORKDIR /app
#6 CACHED

#7 [3/4] COPY . .
#7 CACHED

#8 [4/4] RUN pip install -r requirements.txt
#8 CACHED

#9 exporting to image
#9 exporting layers 0.0s done
#9 exporting manifest sha256:d6941f8512e7bc2e6bd74a62f65e3882cb6fa313ad84ffb15bb842246ad33bec done
#9 exporting config sha256:a9b568166f5e608e7dfbdc89d863e90aa35e7b60438878bdd3215ed3f588096c done
#9 exporting attestation manifest sha256:403f4edc467f3d0c314f048c7e864eff283755cdceda80bb61225db6bff77bfc
#9 exporting attestation manifest sha256:403f4edc467f3d0c314f048c7e864eff283755cdceda80bb61225db6bff77bfc 0.1s done
#9 exporting manifest list sha256:6526711c6f514d92c12b8fd5e6fa45649d9dceeacff801da765c8ffd3f1b3dfb 0.0s done
#9 naming to docker.io/library/fail-demo:latest done
#9 unpacking to docker.io/library/fail-demo:latest 0.0s done
#9 DONE 0.5s
