2026-06-13T21:30:37+07:00	INFO	[misconfig] Misconfiguration scanning is enabled
2026-06-13T21:30:37+07:00	INFO	[checks-client] Using existing checks from cache	path="/root/.cache/trivy/policy/content"
2026-06-13T21:30:40+07:00	INFO	Detected config files	num=2

Report Summary

┌─────────────────┬────────────┬───────────────────┐
│     Target      │    Type    │ Misconfigurations │
├─────────────────┼────────────┼───────────────────┤
│ Dockerfile      │ dockerfile │         2         │
├─────────────────┼────────────┼───────────────────┤
│ deployment.yaml │ kubernetes │        19         │
└─────────────────┴────────────┴───────────────────┘
Legend:
- '-': Not scanned
- '0': Clean (no security findings detected)


Dockerfile (dockerfile)
=======================
Tests: 27 (SUCCESSES: 25, FAILURES: 2)
Failures: 2 (UNKNOWN: 0, LOW: 1, MEDIUM: 0, HIGH: 1, CRITICAL: 0)

DS-0002 (HIGH): Last USER command in Dockerfile should not be 'root'
════════════════════════════════════════════════════════════════════════════════════════════════════════════════════════
Running containers with 'root' user can lead to a container escape situation. It is a best practice to run containers as non-root users, which can be done by adding a 'USER' statement to the Dockerfile.

See https://avd.aquasec.com/misconfig/ds-0002
────────────────────────────────────────────────────────────────────────────────────────────────────────────────────────
 Dockerfile:3
────────────────────────────────────────────────────────────────────────────────────────────────────────────────────────
   3 [ USER root
────────────────────────────────────────────────────────────────────────────────────────────────────────────────────────


DS-0026 (LOW): Add HEALTHCHECK instruction in your Dockerfile
════════════════════════════════════════════════════════════════════════════════════════════════════════════════════════
You should add HEALTHCHECK instruction in your docker container images to perform the health check on running containers.

See https://avd.aquasec.com/misconfig/ds-0026
────────────────────────────────────────────────────────────────────────────────────────────────────────────────────────



deployment.yaml (kubernetes)
============================
Tests: 98 (SUCCESSES: 79, FAILURES: 19)
Failures: 19 (UNKNOWN: 0, LOW: 12, MEDIUM: 4, HIGH: 3, CRITICAL: 0)

KSV-0001 (MEDIUM): Container 'fail-demo' of Deployment 'fail-demo' should set 'securityContext.allowPrivilegeEscalation' to false
════════════════════════════════════════════════════════════════════════════════════════════════════════════════════════
A program inside the container can elevate its own privileges and run as root, which might give the program control over the container and node.

See https://avd.aquasec.com/misconfig/ksv-0001
────────────────────────────────────────────────────────────────────────────────────────────────────────────────────────
 deployment.yaml:24-30
────────────────────────────────────────────────────────────────────────────────────────────────────────────────────────
  24 ┌       - name: fail-demo
  25 │ 
  26 │         image: fail-demo
  27 │ 
  28 │         securityContext:
  29 │           privileged: true
  30 └           runAsUser: 0
────────────────────────────────────────────────────────────────────────────────────────────────────────────────────────


KSV-0003 (LOW): Container 'fail-demo' of Deployment 'fail-demo' should add 'ALL' to 'securityContext.capabilities.drop'
════════════════════════════════════════════════════════════════════════════════════════════════════════════════════════
The container should drop all default capabilities and add only those that are needed for its execution.

See https://avd.aquasec.com/misconfig/ksv-0003
────────────────────────────────────────────────────────────────────────────────────────────────────────────────────────
 deployment.yaml:24-30
────────────────────────────────────────────────────────────────────────────────────────────────────────────────────────
  24 ┌       - name: fail-demo
  25 │ 
  26 │         image: fail-demo
  27 │ 
  28 │         securityContext:
  29 │           privileged: true
  30 └           runAsUser: 0
────────────────────────────────────────────────────────────────────────────────────────────────────────────────────────


KSV-0004 (LOW): Container 'fail-demo' of 'deployment' 'fail-demo' in 'default' namespace should set securityContext.capabilities.drop
════════════════════════════════════════════════════════════════════════════════════════════════════════════════════════
Security best practices require containers to run with minimal required capabilities.

See https://avd.aquasec.com/misconfig/ksv-0004
────────────────────────────────────────────────────────────────────────────────────────────────────────────────────────
 deployment.yaml:24-30
────────────────────────────────────────────────────────────────────────────────────────────────────────────────────────
  24 ┌       - name: fail-demo
  25 │ 
  26 │         image: fail-demo
  27 │ 
  28 │         securityContext:
  29 │           privileged: true
  30 └           runAsUser: 0
────────────────────────────────────────────────────────────────────────────────────────────────────────────────────────


KSV-0011 (LOW): Container 'fail-demo' of Deployment 'fail-demo' should set 'resources.limits.cpu'
════════════════════════════════════════════════════════════════════════════════════════════════════════════════════════
Enforcing CPU limits prevents DoS via resource exhaustion.

See https://avd.aquasec.com/misconfig/ksv-0011
────────────────────────────────────────────────────────────────────────────────────────────────────────────────────────
 deployment.yaml:24-30
────────────────────────────────────────────────────────────────────────────────────────────────────────────────────────
  24 ┌       - name: fail-demo
  25 │ 
  26 │         image: fail-demo
  27 │ 
  28 │         securityContext:
  29 │           privileged: true
  30 └           runAsUser: 0
────────────────────────────────────────────────────────────────────────────────────────────────────────────────────────


KSV-0012 (MEDIUM): Container 'fail-demo' of Deployment 'fail-demo' should set 'securityContext.runAsNonRoot' to true
════════════════════════════════════════════════════════════════════════════════════════════════════════════════════════
Force the running image to run as a non-root user to ensure least privileges.

See https://avd.aquasec.com/misconfig/ksv-0012
────────────────────────────────────────────────────────────────────────────────────────────────────────────────────────
 deployment.yaml:24-30
────────────────────────────────────────────────────────────────────────────────────────────────────────────────────────
  24 ┌       - name: fail-demo
  25 │ 
  26 │         image: fail-demo
  27 │ 
  28 │         securityContext:
  29 │           privileged: true
  30 └           runAsUser: 0
────────────────────────────────────────────────────────────────────────────────────────────────────────────────────────


KSV-0013 (MEDIUM): Container 'fail-demo' of Deployment 'fail-demo' should specify an image tag
════════════════════════════════════════════════════════════════════════════════════════════════════════════════════════
It is best to avoid using the ':latest' image tag when deploying containers in production. Doing so makes it hard to track which version of the image is running, and hard to roll back the version.

See https://avd.aquasec.com/misconfig/ksv-0013
────────────────────────────────────────────────────────────────────────────────────────────────────────────────────────
 deployment.yaml:24-30
────────────────────────────────────────────────────────────────────────────────────────────────────────────────────────
  24 ┌       - name: fail-demo
  25 │ 
  26 │         image: fail-demo
  27 │ 
  28 │         securityContext:
  29 │           privileged: true
  30 └           runAsUser: 0
────────────────────────────────────────────────────────────────────────────────────────────────────────────────────────


KSV-0014 (HIGH): Container 'fail-demo' of Deployment 'fail-demo' should set 'securityContext.readOnlyRootFilesystem' to true
════════════════════════════════════════════════════════════════════════════════════════════════════════════════════════
An immutable root file system prevents applications from writing to their local disk. This can limit intrusions, as attackers will not be able to tamper with the file system or write foreign executables to disk.

See https://avd.aquasec.com/misconfig/ksv-0014
────────────────────────────────────────────────────────────────────────────────────────────────────────────────────────
 deployment.yaml:24-30
────────────────────────────────────────────────────────────────────────────────────────────────────────────────────────
  24 ┌       - name: fail-demo
  25 │ 
  26 │         image: fail-demo
  27 │ 
  28 │         securityContext:
  29 │           privileged: true
  30 └           runAsUser: 0
────────────────────────────────────────────────────────────────────────────────────────────────────────────────────────


KSV-0015 (LOW): Container 'fail-demo' of Deployment 'fail-demo' should set 'resources.requests.cpu'
════════════════════════════════════════════════════════════════════════════════════════════════════════════════════════
When containers have resource requests specified, the scheduler can make better decisions about which nodes to place pods on, and how to deal with resource contention.

See https://avd.aquasec.com/misconfig/ksv-0015
────────────────────────────────────────────────────────────────────────────────────────────────────────────────────────
 deployment.yaml:24-30
────────────────────────────────────────────────────────────────────────────────────────────────────────────────────────
  24 ┌       - name: fail-demo
  25 │ 
  26 │         image: fail-demo
  27 │ 
  28 │         securityContext:
  29 │           privileged: true
  30 └           runAsUser: 0
────────────────────────────────────────────────────────────────────────────────────────────────────────────────────────


KSV-0016 (LOW): Container 'fail-demo' of Deployment 'fail-demo' should set 'resources.requests.memory'
════════════════════════════════════════════════════════════════════════════════════════════════════════════════════════
When containers have memory requests specified, the scheduler can make better decisions about which nodes to place pods on, and how to deal with resource contention.

See https://avd.aquasec.com/misconfig/ksv-0016
────────────────────────────────────────────────────────────────────────────────────────────────────────────────────────
 deployment.yaml:24-30
────────────────────────────────────────────────────────────────────────────────────────────────────────────────────────
  24 ┌       - name: fail-demo
  25 │ 
  26 │         image: fail-demo
  27 │ 
  28 │         securityContext:
  29 │           privileged: true
  30 └           runAsUser: 0
────────────────────────────────────────────────────────────────────────────────────────────────────────────────────────


KSV-0017 (HIGH): Container 'fail-demo' of Deployment 'fail-demo' should set 'securityContext.privileged' to false
════════════════════════════════════════════════════════════════════════════════════════════════════════════════════════
Privileged containers share namespaces with the host system and do not offer any security. They should be used exclusively for system containers that require high privileges.

See https://avd.aquasec.com/misconfig/ksv-0017
────────────────────────────────────────────────────────────────────────────────────────────────────────────────────────
 deployment.yaml:24-30
────────────────────────────────────────────────────────────────────────────────────────────────────────────────────────
  24 ┌       - name: fail-demo
  25 │ 
  26 │         image: fail-demo
  27 │ 
  28 │         securityContext:
  29 │           privileged: true
  30 └           runAsUser: 0
────────────────────────────────────────────────────────────────────────────────────────────────────────────────────────


KSV-0018 (LOW): Container 'fail-demo' of Deployment 'fail-demo' should set 'resources.limits.memory'
════════════════════════════════════════════════════════════════════════════════════════════════════════════════════════
Enforcing memory limits prevents DoS via resource exhaustion.

See https://avd.aquasec.com/misconfig/ksv-0018
────────────────────────────────────────────────────────────────────────────────────────────────────────────────────────
 deployment.yaml:24-30
────────────────────────────────────────────────────────────────────────────────────────────────────────────────────────
  24 ┌       - name: fail-demo
  25 │ 
  26 │         image: fail-demo
  27 │ 
  28 │         securityContext:
  29 │           privileged: true
  30 └           runAsUser: 0
────────────────────────────────────────────────────────────────────────────────────────────────────────────────────────


KSV-0020 (LOW): Container 'fail-demo' of Deployment 'fail-demo' should set 'securityContext.runAsUser' > 10000
════════════════════════════════════════════════════════════════════════════════════════════════════════════════════════
Force the container to run with user ID > 10000 to avoid conflicts with the host’s user table.

See https://avd.aquasec.com/misconfig/ksv-0020
────────────────────────────────────────────────────────────────────────────────────────────────────────────────────────
 deployment.yaml:24-30
────────────────────────────────────────────────────────────────────────────────────────────────────────────────────────
  24 ┌       - name: fail-demo
  25 │ 
  26 │         image: fail-demo
  27 │ 
  28 │         securityContext:
  29 │           privileged: true
  30 └           runAsUser: 0
────────────────────────────────────────────────────────────────────────────────────────────────────────────────────────


KSV-0021 (LOW): Container 'fail-demo' of Deployment 'fail-demo' should set 'securityContext.runAsGroup' > 10000
════════════════════════════════════════════════════════════════════════════════════════════════════════════════════════
Force the container to run with group ID > 10000 to avoid conflicts with the host’s user table.

See https://avd.aquasec.com/misconfig/ksv-0021
────────────────────────────────────────────────────────────────────────────────────────────────────────────────────────
 deployment.yaml:24-30
────────────────────────────────────────────────────────────────────────────────────────────────────────────────────────
  24 ┌       - name: fail-demo
  25 │ 
  26 │         image: fail-demo
  27 │ 
  28 │         securityContext:
  29 │           privileged: true
  30 └           runAsUser: 0
────────────────────────────────────────────────────────────────────────────────────────────────────────────────────────


KSV-0030 (LOW): Either Pod or Container should set 'securityContext.seccompProfile.type' to 'RuntimeDefault'
════════════════════════════════════════════════════════════════════════════════════════════════════════════════════════
According to pod security standard 'Seccomp', the RuntimeDefault seccomp profile must be required, or allow specific additional profiles.

See https://avd.aquasec.com/misconfig/ksv-0030
────────────────────────────────────────────────────────────────────────────────────────────────────────────────────────
 deployment.yaml:24-30
────────────────────────────────────────────────────────────────────────────────────────────────────────────────────────
  24 ┌       - name: fail-demo
  25 │ 
  26 │         image: fail-demo
  27 │ 
  28 │         securityContext:
  29 │           privileged: true
  30 └           runAsUser: 0
────────────────────────────────────────────────────────────────────────────────────────────────────────────────────────


KSV-0104 (MEDIUM): container "fail-demo" of deployment "fail-demo" in "default" namespace should specify a seccomp profile
════════════════════════════════════════════════════════════════════════════════════════════════════════════════════════
A program inside the container can bypass Seccomp protection policies.

See https://avd.aquasec.com/misconfig/ksv-0104
────────────────────────────────────────────────────────────────────────────────────────────────────────────────────────
 deployment.yaml:24-30
────────────────────────────────────────────────────────────────────────────────────────────────────────────────────────
  24 ┌       - name: fail-demo
  25 │ 
  26 │         image: fail-demo
  27 │ 
  28 │         securityContext:
  29 │           privileged: true
  30 └           runAsUser: 0
────────────────────────────────────────────────────────────────────────────────────────────────────────────────────────


KSV-0105 (LOW): securityContext.runAsUser should be set to a value greater than 0
════════════════════════════════════════════════════════════════════════════════════════════════════════════════════════
Containers should be forbidden from running with a root UID.

See https://avd.aquasec.com/misconfig/ksv-0105
────────────────────────────────────────────────────────────────────────────────────────────────────────────────────────
 deployment.yaml:28-30
────────────────────────────────────────────────────────────────────────────────────────────────────────────────────────
  28 ┌         securityContext:
  29 │           privileged: true
  30 └           runAsUser: 0
────────────────────────────────────────────────────────────────────────────────────────────────────────────────────────


KSV-0106 (LOW): container should drop all
════════════════════════════════════════════════════════════════════════════════════════════════════════════════════════
Containers must drop ALL capabilities, and are only permitted to add back the NET_BIND_SERVICE capability.

See https://avd.aquasec.com/misconfig/ksv-0106
────────────────────────────────────────────────────────────────────────────────────────────────────────────────────────
 deployment.yaml:24-30
────────────────────────────────────────────────────────────────────────────────────────────────────────────────────────
  24 ┌       - name: fail-demo
  25 │ 
  26 │         image: fail-demo
  27 │ 
  28 │         securityContext:
  29 │           privileged: true
  30 └           runAsUser: 0
────────────────────────────────────────────────────────────────────────────────────────────────────────────────────────


KSV-0110 (LOW): deployment fail-demo in default namespace should set metadata.namespace to a non-default namespace
════════════════════════════════════════════════════════════════════════════════════════════════════════════════════════
Checks whether a workload is running in the default namespace.

See https://avd.aquasec.com/misconfig/ksv-0110
────────────────────────────────────────────────────────────────────────────────────────────────────────────────────────
 deployment.yaml:4-5
────────────────────────────────────────────────────────────────────────────────────────────────────────────────────────
   4 ┌ metadata:
   5 └   name: fail-demo
────────────────────────────────────────────────────────────────────────────────────────────────────────────────────────


KSV-0118 (HIGH): deployment fail-demo in default namespace is using the default security context, which allows root privileges
════════════════════════════════════════════════════════════════════════════════════════════════════════════════════════
Security context controls the allocation of security parameters for the pod/container/volume, ensuring the appropriate level of protection. Relying on default security context may expose vulnerabilities to potential attacks that rely on privileged access.

See https://avd.aquasec.com/misconfig/ksv-0118
────────────────────────────────────────────────────────────────────────────────────────────────────────────────────────
 deployment.yaml:20-30
────────────────────────────────────────────────────────────────────────────────────────────────────────────────────────
  20 ┌     spec:
  21 │ 
  22 │       containers:
  23 │ 
  24 │       - name: fail-demo
  25 │ 
  26 │         image: fail-demo
  27 │ 
  28 └         securityContext:
  ..   
────────────────────────────────────────────────────────────────────────────────────────────────────────────────────────



📣 [34mNotices:[0m
  - Version 0.71.0 of Trivy is now available, current version is 0.70.0

To suppress version checks, run Trivy scans with the --skip-version-check flag

